
> nextjs_tailwind_shadcn_ts@0.1.0 build
> next build

node.exe :  ΓÜá Found lockfile missing swc 
dependencies, patching...
At line:1 char:1
+ & "C:\nvm4w\nodejs/node.exe" 
"C:\nvm4w\nodejs/node_modules/npm/bin/np ...
+ ~~~~~~~~~~~~~~~~~~~~~~~~~~~~~~~~~~~~~~~~~~~~~~~~~
~~~~~~~~~~~~~~~~~~~~
    + CategoryInfo          : NotSpecified: ( ΓÜá  
   Found lock...es, patching...:String) [], Remot  
  eException
    + FullyQualifiedErrorId : NativeCommandError
 
   Γû▓ Next.js 15.5.6
   - Environments: .env.local

   Creating an optimized production build ...
 ΓÜá Lockfile was successfully patched, please run 
"npm install" to ensure @next/swc dependencies are 
downloaded
